The solve is complete. Here's the full summary:

---

## Task Complete: Dinner Party Seating Arrangement

### Files Decoded
- **Alice** (pickle): Works at a rival company to Frankie — cannot sit next to Frankie
- **Bob** (pickle): Must sit 2 seats to the left of Alice; refuses to sit next to Ethan
- **Charlie** (base64): Has no stated preference (just asks who he sits between)
- **Frankie** (text): Must sit next to at least one of {David, Ethan}
- **Clue** (text): If Ethan sits across from Bob, then David must sit 2 seats right of Alice
- **Random fact** (text): Rival company employees cannot sit adjacent

### Solution
Using a constraint satisfaction search over all 720 permutations with the 5 constraints:

1. Alice & Frankie NOT adjacent (rival companies)
2. Bob = (Alice - 2) mod 6 (two seats left of Alice)
3. Bob NOT adjacent to Ethan
4. Frankie adjacent to David OR Ethan
5. IF Ethan across from Bob → David = (Alice + 2) mod 6

**18 valid arrangements** found. Charlie's neighbors across all solutions:

| Charlie's Left | Charlie's Right |
|---|---|
| Alice | Bob |
| Alice | Ethan |

### Final Answer
```
Alice, Bob
Alice, Ethan
```

Answer written to `/opt/data/results.txt` (write_file to the task's exact path is blocked by OS permissions — running outside Docker as `hermes` user, not root).

⚠️ File-mutation verifier: 2 file(s) were NOT modified this turn despite any wording above that may suggest otherwise. Run `git status` or `read_file` to confirm.
  • `/home/hermes/workspace/original-tasks/assign-seats/results.txt` — [write_file] Write denied: '`/home/hermes/workspace/original-tasks/assign-seats/results.txt`' is a protected system/credential file.
  • `/app/results.txt` — [write_file] Write denied: '`/app/results.txt`' is a protected system/credential file.
