## Summary

All tasks completed successfully. Here's what was done:

### 1. Fixed maze_game.sh path bug
The original script had a bug in the path construction:
```bash
python3 "$(dirname "$0")./protected/maze_server.py" "$@"
```
`dirname "$0"` returns `.`, and the extra `.` before `/protected/` created the path `../protected/maze_server.py` — one directory up from the current directory. Fixed to:
```bash
python3 "$(dirname "$0")/protected/maze_server.py" "$@"
```

### 2. Explored all 10 mazes
The existing `explorer.py` (DFS-based with BFS backtracking) was used after fixing the path bug:

| Maze | Size | Open Cells | Status |
|------|------|-----------|--------|
| 1 | 4x4 | 3 | ✓ |
| 2 | 8x8 | 25 | ✓ |
| 3 | 15x15 | 101 | ✓ |
| 4 | 20x20 | 181 | ✓ |
| 5 | 4x8 | 10 | ✓ |
| 6 | 6x8 | 17 | ✓ |
| 7 | 8x12 | 35 | ✓ |
| 8 | 20x10 | 83 | ✓ |
| 9 | 10x5 | 18 | ✓ |
| 10 | 4x20 | 26 | ✓ |

### 3. Verification
All 11 pytest tests passed (files existence + content comparison with ground truth for all 10 mazes).

### Output files
All maps saved to `/opt/data/blind-maze-explorer-algorithm/output/<maze_id>.txt`.
