Hit:1 http://archive.ubuntu.com/ubuntu jammy InRelease
Hit:2 http://security.ubuntu.com/ubuntu jammy-security InRelease
Hit:3 http://archive.ubuntu.com/ubuntu jammy-updates InRelease
Hit:4 http://archive.ubuntu.com/ubuntu jammy-backports InRelease
Hit:5 https://ppa.launchpadcontent.net/deadsnakes/ppa/ubuntu jammy InRelease
Reading package lists...
Reading package lists...
Building dependency tree...
Reading state information...
curl is already the newest version (7.81.0-1ubuntu1.25).
0 upgraded, 0 newly installed, 0 to remove and 45 not upgraded.
[TB2] Skip UV download from Github
============================= test session starts ==============================
platform linux -- Python 3.13.14, pytest-8.4.1, pluggy-1.6.0
rootdir: /root/terminal-bench_pure_linux
configfile: pyproject.toml
collected 4 items

tests/test_outputs.py FFFF                                               [100%]

=================================== FAILURES ===================================
_______________________________ test_pmars_works _______________________________

    def test_pmars_works():
        """
        Test output format and debugger stepping.
        """
        binary = Path("/usr/local/bin/pmars")
>       assert binary.exists(), "pmars not installed at /usr/local/bin/pmars"
E       AssertionError: pmars not installed at /usr/local/bin/pmars
E       assert False
E        +  where False = exists()
E        +    where exists = PosixPath('/usr/local/bin/pmars').exists

tests/test_outputs.py:24: AssertionError
_____________________________ test_headless_no_x11 _____________________________

    def test_headless_no_x11():
        """Ensure pmars was built without X11 dependencies for headless server use."""
>       ldd_output = run_shell_command("ldd /usr/local/bin/pmars")
                     ^^^^^^^^^^^^^^^^^^^^^^^^^^^^^^^^^^^^^^^^^^^^^

tests/test_outputs.py:53: 
_ _ _ _ _ _ _ _ _ _ _ _ _ _ _ _ _ _ _ _ _ _ _ _ _ _ _ _ _ _ _ _ _ _ _ _ _ _ _ _ 
tests/test_outputs.py:12: in run_shell_command
    return subprocess.check_output(cmd, shell=True, text=True).strip()
           ^^^^^^^^^^^^^^^^^^^^^^^^^^^^^^^^^^^^^^^^^^^^^^^^^^^
/root/.local/share/uv/python/cpython-3.13.14-linux-x86_64-gnu/lib/python3.13/subprocess.py:472: in check_output
    return run(*popenargs, stdout=PIPE, timeout=timeout, check=True,
_ _ _ _ _ _ _ _ _ _ _ _ _ _ _ _ _ _ _ _ _ _ _ _ _ _ _ _ _ _ _ _ _ _ _ _ _ _ _ _ 

input = None, capture_output = False, timeout = None, check = True
popenargs = ('ldd /usr/local/bin/pmars',)
kwargs = {'shell': True, 'stdout': -1, 'text': True}
process = <Popen: returncode: 1 args: 'ldd /usr/local/bin/pmars'>, stdout = ''
stderr = None, retcode = 1

    def run(*popenargs,
            input=None, capture_output=False, timeout=None, check=False, **kwargs):
        """Run command with arguments and return a CompletedProcess instance.
    
        The returned instance will have attributes args, returncode, stdout and
        stderr. By default, stdout and stderr are not captured, and those attributes
        will be None. Pass stdout=PIPE and/or stderr=PIPE in order to capture them,
        or pass capture_output=True to capture both.
    
        If check is True and the exit code was non-zero, it raises a
        CalledProcessError. The CalledProcessError object will have the return code
        in the returncode attribute, and output & stderr attributes if those streams
        were captured.
    
        If timeout (seconds) is given and the process takes too long,
         a TimeoutExpired exception will be raised.
    
        There is an optional argument "input", allowing you to
        pass bytes or a string to the subprocess's stdin.  If you use this argument
        you may not also use the Popen constructor's "stdin" argument, as
        it will be used internally.
    
        By default, all communication is in bytes, and therefore any "input" should
        be bytes, and the stdout and stderr will be bytes. If in text mode, any
        "input" should be a string, and stdout and stderr will be strings decoded
        according to locale encoding, or by "encoding" if set. Text mode is
        triggered by setting any of text, encoding, errors or universal_newlines.
    
        The other arguments are the same as for the Popen constructor.
        """
        if input is not None:
            if kwargs.get('stdin') is not None:
                raise ValueError('stdin and input arguments may not both be used.')
            kwargs['stdin'] = PIPE
    
        if capture_output:
            if kwargs.get('stdout') is not None or kwargs.get('stderr') is not None:
                raise ValueError('stdout and stderr arguments may not be used '
                                 'with capture_output.')
            kwargs['stdout'] = PIPE
            kwargs['stderr'] = PIPE
    
        with Popen(*popenargs, **kwargs) as process:
            try:
                stdout, stderr = process.communicate(input, timeout=timeout)
            except TimeoutExpired as exc:
                process.kill()
                if _mswindows:
                    # Windows accumulates the output in a single blocking
                    # read() call run on child threads, with the timeout
                    # being done in a join() on those threads.  communicate()
                    # _after_ kill() is required to collect that and add it
                    # to the exception.
                    exc.stdout, exc.stderr = process.communicate()
                else:
                    # POSIX _communicate already populated the output so
                    # far into the TimeoutExpired exception.
                    process.wait()
                raise
            except:  # Including KeyboardInterrupt, communicate handled that.
                process.kill()
                # We don't call process.wait() as .__exit__ does that for us.
                raise
            retcode = process.poll()
            if check and retcode:
>               raise CalledProcessError(retcode, process.args,
                                         output=stdout, stderr=stderr)
E               subprocess.CalledProcessError: Command 'ldd /usr/local/bin/pmars' returned non-zero exit status 1.

/root/.local/share/uv/python/cpython-3.13.14-linux-x86_64-gnu/lib/python3.13/subprocess.py:577: CalledProcessError
----------------------------- Captured stderr call -----------------------------
ldd: /usr/local/bin/pmars: No such file or directory
___________________________ test_debian_source_used ____________________________

    def test_debian_source_used():
        """Verify pmars source was obtained from Debian packages."""
        source_dirs = list(Path(".").glob("pmars-*"))
        assert source_dirs, (
            "No pmars source directory found in `/app`,"
            "Source must be extracted to `/app` as instructed."
        )
    
        # Check for Debian package structure
        debian_dir = source_dirs[0] / "debian"
>       assert debian_dir.exists(), "No debian/ directory - not from Debian packages"
E       AssertionError: No debian/ directory - not from Debian packages
E       assert False
E        +  where False = exists()
E        +    where exists = PosixPath('pmars-source.tar.gz/debian').exists

tests/test_outputs.py:70: AssertionError
____________________________ test_built_from_source ____________________________

    def test_built_from_source():
        """Verify pmars was actually built from source code."""
        source_dirs = list(Path(".").glob("pmars-*"))
        assert source_dirs, (
            "No pmars source directory found in `/app`,"
            "Source must be extracted to `/app` as instructed."
        )
    
        src_dir = source_dirs[0] / "src"
>       assert src_dir.exists(), "No src directory found"
E       AssertionError: No src directory found
E       assert False
E        +  where False = exists()
E        +    where exists = PosixPath('pmars-source.tar.gz/src').exists

tests/test_outputs.py:82: AssertionError
=========================== short test summary info ============================
FAILED tests/test_outputs.py::test_pmars_works - AssertionError: pmars not in...
FAILED tests/test_outputs.py::test_headless_no_x11 - subprocess.CalledProcess...
FAILED tests/test_outputs.py::test_debian_source_used - AssertionError: No de...
FAILED tests/test_outputs.py::test_built_from_source - AssertionError: No src...
============================== 4 failed in 0.08s ===============================
Using CPython 3.13.14
Creating virtual environment with seed packages at: .tbench-testing
 + pip==26.1.2
Activate with: source .tbench-testing/bin/activate
Using Python 3.13.14 environment at: .tbench-testing
Resolved 5 packages in 159ms
Installed 5 packages in 27ms
 + iniconfig==2.3.0
 + packaging==26.2
 + pluggy==1.6.0
 + pygments==2.20.0
 + pytest==8.4.1
