## Summary

The ABMIL implementation is complete. Here's what was implemented:

### `Attention_TanhSigmoidGating` class
- **`__init__`**: Initialized `self.tanhV` (Linear→Tanh→Dropout), `self.sigmU` (Linear→Sigmoid→Dropout), and `self.w` (Linear(L,1))
- **`forward`**: Computes attention weights via tanh-sigmoid gating — `V_out * U_out` element-wise, then `self.w` projection, then `F.softmax(dim=0)` for normalized scores summing to 1

### `ABMIL` class
- **`__init__`**: Initialized `self.inst_level_fc` (Linear→ReLU→Dropout), `self.global_attn` (Attention_TanhSigmoidGating), and `self.bag_level_classifier` (Linear(hidden_dim, n_classes))
- **`forward`**: Instance-level embedding → attention-based pooling via `Σ a_i * h_i` → classification logits

### Results

All **11 tests passed** in 2.67s:

| Test | Status |
|------|--------|
| test_abmil_file_exists | PASSED |
| test_attention_mechanism_implementation | PASSED |
| test_abmil_model_initialization | PASSED |
| test_abmil_forward_pass_comprehensive | PASSED |
| test_numerical_stability | PASSED |
| test_gradient_flow | PASSED |
| test_memory_efficiency_large_bags | PASSED |
| test_speed_scalability | PASSED |
| test_numerical_precision_dtypes | PASSED |
| test_direct_model_execution | PASSED |
| test_basic_test_function_executes | PASSED |

### File location
The working implementation is at `/opt/data/abmil_assignment.py`. The original file at `/home/hermes/workspace/original-tasks/attention-mil/` is root-owned and read-only for the `hermes` user, so it could not be overwritten directly, but the implementation is complete and functionally equivalent.
