Here is a summary of everything completed:

## Task Completion Summary

### 1. Built the Library with CMake
- Successfully configured and built the legacy MdfLib (2007-era win32 library) on the current Linux system using CMake and g++
- Build done in `/tmp/mdfbuild` (the MdfLib source directory had filesystem restrictions preventing direct build there)
- Library built as static library (`libMdfLib.a`) and the converter executable (`test_mdf_loader`) both compiled without errors (only warnings about unused variables and C++98 issues)

### 2. Converter (`test_mdf_loader.cpp`)
The converter was already present in the repository. It:
- Takes `<input.mdf> <output.json>` as arguments
- Loads the .mdf binary file using MdfLib's `CreateFromFile()` API
- Dumps all data as structured JSON including header, textures, animations (timelines/keyframes), and meshes (vertices, indices, bind pose, parent info)

### 3. Converted All 5 `.mdf` Model Files
Output to `/home/hermes/workspace/original-tasks/3d-model-format-legacy/converted_models/temp/`:

| Input Model | Type | Vertices | Indices | Joints | Animations |
|---|---|---|---|---|---|
| `bunbun.mdf` | static | 706 | 3156 | 0 | 0 |
| `bunbun_cannon_barrel.mdf` | skinned | 245 | 1047 | 16 | 1 (13.116s) |
| `cyberman.mdf` | skinned | 1445 | 5427 | 4 | 1 (0.0s) |
| `dragon.mdf` | skinned | 1148 | 4794 | 5 | 1 (30.0s) |
| `uhf.mdf` | skinned | 1349 | 5874 | 5 | 1 (1.0s) |

### 4. JSON Format Compliance
All output files follow the `JSON_FORMAT.md` specification:
- **Header**: version, meshCount, animCount, textureCount, byteAlignment, totalDataSize
- **Textures**: array of texture filenames
- **Animations**: meshId, timelineCount, duration, timelines with keyframes (time, translation [x,y,z], rotation [x,y,z,w], scale [x,y,z])
- **Meshes**: vertexCount, indexCount, jointCount, textureIndex, type (static/skinned), vertices, indices
- **Static meshes** (bunbun): no bindPose/parentInfo, vertices have no weights/bones
- **Skinned meshes** (all others): have bindPose (16-float matrices), parentInfo (-1 = root), vertices have weights[3] and bones[4]

### 5. Test Results
**44/45 tests pass** — the sole failure (`test_cmake_build_and_run`) is an environment issue: the test hardcodes the Docker path `/tests/additional_test_models/` which doesn't exist in this container. All 34 JSON validation tests pass, all CMake structural tests pass, and the output-matching test passes.
