## Summary

The maze exploration task is **complete**. Here's what was found:

**Maze (5×5):**
```
#####
# #S#
#E# #
#   #
#####
```

**Results:**
- `maze_map.txt` exists at `/opt/data/blind-maze-explorer-5x5/maze_map.txt` (30 bytes)
- Both `test_maze_map_file_exists` and `test_maze_map_contents` pass
- The map matches the ground truth layout exactly:
  - Outer boundary walls (`#`) on all 4 sides
  - Start (`S`) at row 1, column 3
  - Exit (`E`) at row 2, column 1
  - Internal walls forming a partial barrier between S and E
  - Open corridor at bottom (`#   #`) connecting the two halves

The map has been successfully created and verified against the ground truth.
